Archive member included to satisfy reference by file (symbol)

/opt/Atollic_TrueSTUDIO_for_STM32_x86_64_9.3.0/ARMTools/bin/../lib/gcc/arm-atollic-eabi/6.3.1/../../../../arm-atollic-eabi/lib/armv7e-m/fpu/fpv5-sp-d16/libc_nano.a(lib_a-errno.o)
                              Src/syscalls.o (__errno)
/opt/Atollic_TrueSTUDIO_for_STM32_x86_64_9.3.0/ARMTools/bin/../lib/gcc/arm-atollic-eabi/6.3.1/../../../../arm-atollic-eabi/lib/armv7e-m/fpu/fpv5-sp-d16/libc_nano.a(lib_a-impure.o)
                              /opt/Atollic_TrueSTUDIO_for_STM32_x86_64_9.3.0/ARMTools/bin/../lib/gcc/arm-atollic-eabi/6.3.1/../../../../arm-atollic-eabi/lib/armv7e-m/fpu/fpv5-sp-d16/libc_nano.a(lib_a-errno.o) (_impure_ptr)
/opt/Atollic_TrueSTUDIO_for_STM32_x86_64_9.3.0/ARMTools/bin/../lib/gcc/arm-atollic-eabi/6.3.1/../../../../arm-atollic-eabi/lib/armv7e-m/fpu/fpv5-sp-d16/libc_nano.a(lib_a-init.o)
                              startup/startup_stm32f746xx.o (__libc_init_array)
/opt/Atollic_TrueSTUDIO_for_STM32_x86_64_9.3.0/ARMTools/bin/../lib/gcc/arm-atollic-eabi/6.3.1/../../../../arm-atollic-eabi/lib/armv7e-m/fpu/fpv5-sp-d16/libc_nano.a(lib_a-memset.o)
                              Src/main.o (memset)
/opt/Atollic_TrueSTUDIO_for_STM32_x86_64_9.3.0/ARMTools/bin/../lib/gcc/arm-atollic-eabi/6.3.1/armv7e-m/fpu/fpv5-sp-d16/libgcc.a(_aeabi_uldivmod.o)
                              Drivers/STM32F7xx_HAL_Driver/Src/stm32f7xx_hal_rcc.o (__aeabi_uldivmod)
/opt/Atollic_TrueSTUDIO_for_STM32_x86_64_9.3.0/ARMTools/bin/../lib/gcc/arm-atollic-eabi/6.3.1/armv7e-m/fpu/fpv5-sp-d16/libgcc.a(_udivmoddi4.o)
                              /opt/Atollic_TrueSTUDIO_for_STM32_x86_64_9.3.0/ARMTools/bin/../lib/gcc/arm-atollic-eabi/6.3.1/armv7e-m/fpu/fpv5-sp-d16/libgcc.a(_aeabi_uldivmod.o) (__udivmoddi4)
/opt/Atollic_TrueSTUDIO_for_STM32_x86_64_9.3.0/ARMTools/bin/../lib/gcc/arm-atollic-eabi/6.3.1/armv7e-m/fpu/fpv5-sp-d16/libgcc.a(_dvmd_tls.o)
                              /opt/Atollic_TrueSTUDIO_for_STM32_x86_64_9.3.0/ARMTools/bin/../lib/gcc/arm-atollic-eabi/6.3.1/armv7e-m/fpu/fpv5-sp-d16/libgcc.a(_aeabi_uldivmod.o) (__aeabi_ldiv0)

Allocating common symbols
Common symbol       size              file

uwTick              0x4               Drivers/STM32F7xx_HAL_Driver/Src/stm32f7xx_hal.o
pFlash              0x1c              Drivers/STM32F7xx_HAL_Driver/Src/stm32f7xx_hal_flash.o
hltdc               0xa8              Src/main.o
hrng                0x10              Src/main.o

Discarded input sections

 .text          0x0000000000000000        0x0 /opt/Atollic_TrueSTUDIO_for_STM32_x86_64_9.3.0/ARMTools/bin/../lib/gcc/arm-atollic-eabi/6.3.1/armv7e-m/fpu/fpv5-sp-d16/crti.o
 .data          0x0000000000000000        0x0 /opt/Atollic_TrueSTUDIO_for_STM32_x86_64_9.3.0/ARMTools/bin/../lib/gcc/arm-atollic-eabi/6.3.1/armv7e-m/fpu/fpv5-sp-d16/crti.o
 .bss           0x0000000000000000        0x0 /opt/Atollic_TrueSTUDIO_for_STM32_x86_64_9.3.0/ARMTools/bin/../lib/gcc/arm-atollic-eabi/6.3.1/armv7e-m/fpu/fpv5-sp-d16/crti.o
 .data          0x0000000000000000        0x4 /opt/Atollic_TrueSTUDIO_for_STM32_x86_64_9.3.0/ARMTools/bin/../lib/gcc/arm-atollic-eabi/6.3.1/armv7e-m/fpu/fpv5-sp-d16/crtbegin.o
 .text          0x0000000000000000        0x0 Drivers/STM32F7xx_HAL_Driver/Src/stm32f7xx_hal.o
 .data          0x0000000000000000        0x0 Drivers/STM32F7xx_HAL_Driver/Src/stm32f7xx_hal.o
 .bss           0x0000000000000000        0x0 Drivers/STM32F7xx_HAL_Driver/Src/stm32f7xx_hal.o
 .text.HAL_MspInit
                0x0000000000000000        0x2 Drivers/STM32F7xx_HAL_Driver/Src/stm32f7xx_hal.o
 .text.HAL_MspDeInit
                0x0000000000000000        0x2 Drivers/STM32F7xx_HAL_Driver/Src/stm32f7xx_hal.o
 .text.HAL_DeInit
                0x0000000000000000       0x2c Drivers/STM32F7xx_HAL_Driver/Src/stm32f7xx_hal.o
 .text.HAL_GetTickPrio
                0x0000000000000000        0xc Drivers/STM32F7xx_HAL_Driver/Src/stm32f7xx_hal.o
 .text.HAL_SetTickFreq
                0x0000000000000000       0x28 Drivers/STM32F7xx_HAL_Driver/Src/stm32f7xx_hal.o
 .text.HAL_GetTickFreq
                0x0000000000000000        0xc Drivers/STM32F7xx_HAL_Driver/Src/stm32f7xx_hal.o
 .text.HAL_Delay
                0x0000000000000000       0x24 Drivers/STM32F7xx_HAL_Driver/Src/stm32f7xx_hal.o
 .text.HAL_SuspendTick
                0x0000000000000000       0x10 Drivers/STM32F7xx_HAL_Driver/Src/stm32f7xx_hal.o
 .text.HAL_ResumeTick
                0x0000000000000000       0x10 Drivers/STM32F7xx_HAL_Driver/Src/stm32f7xx_hal.o
 .text.HAL_GetHalVersion
                0x0000000000000000        0x8 Drivers/STM32F7xx_HAL_Driver/Src/stm32f7xx_hal.o
 .text.HAL_GetREVID
                0x0000000000000000        0xc Drivers/STM32F7xx_HAL_Driver/Src/stm32f7xx_hal.o
 .text.HAL_GetDEVID
                0x0000000000000000       0x10 Drivers/STM32F7xx_HAL_Driver/Src/stm32f7xx_hal.o
 .text.HAL_GetUIDw0
                0x0000000000000000        0xc Drivers/STM32F7xx_HAL_Driver/Src/stm32f7xx_hal.o
 .text.HAL_GetUIDw1
[...]
Memory Configuration

Name             Origin             Length             Attributes
RAM              0x0000000020000000 0x0000000000050000 xrw
FLASH            0x0000000008000000 0x0000000000100000 xr
*default*        0x0000000000000000 0xffffffffffffffff

Linker script and memory map

LOAD /opt/Atollic_TrueSTUDIO_for_STM32_x86_64_9.3.0/ARMTools/bin/../lib/gcc/arm-atollic-eabi/6.3.1/armv7e-m/fpu/fpv5-sp-d16/crti.o
LOAD /opt/Atollic_TrueSTUDIO_for_STM32_x86_64_9.3.0/ARMTools/bin/../lib/gcc/arm-atollic-eabi/6.3.1/armv7e-m/fpu/fpv5-sp-d16/crtbegin.o
LOAD Drivers/STM32F7xx_HAL_Driver/Src/stm32f7xx_hal.o
LOAD Drivers/STM32F7xx_HAL_Driver/Src/stm32f7xx_hal_cortex.o
LOAD Drivers/STM32F7xx_HAL_Driver/Src/stm32f7xx_hal_dma.o
LOAD Drivers/STM32F7xx_HAL_Driver/Src/stm32f7xx_hal_dma_ex.o
LOAD Drivers/STM32F7xx_HAL_Driver/Src/stm32f7xx_hal_dsi.o
LOAD Drivers/STM32F7xx_HAL_Driver/Src/stm32f7xx_hal_exti.o
LOAD Drivers/STM32F7xx_HAL_Driver/Src/stm32f7xx_hal_flash.o
LOAD Drivers/STM32F7xx_HAL_Driver/Src/stm32f7xx_hal_flash_ex.o
LOAD Drivers/STM32F7xx_HAL_Driver/Src/stm32f7xx_hal_gpio.o
LOAD Drivers/STM32F7xx_HAL_Driver/Src/stm32f7xx_hal_i2c.o
LOAD Drivers/STM32F7xx_HAL_Driver/Src/stm32f7xx_hal_i2c_ex.o
LOAD Drivers/STM32F7xx_HAL_Driver/Src/stm32f7xx_hal_ltdc.o
LOAD Drivers/STM32F7xx_HAL_Driver/Src/stm32f7xx_hal_ltdc_ex.o
LOAD Drivers/STM32F7xx_HAL_Driver/Src/stm32f7xx_hal_pwr.o
LOAD Drivers/STM32F7xx_HAL_Driver/Src/stm32f7xx_hal_pwr_ex.o
LOAD Drivers/STM32F7xx_HAL_Driver/Src/stm32f7xx_hal_rcc.o
LOAD Drivers/STM32F7xx_HAL_Driver/Src/stm32f7xx_hal_rcc_ex.o
LOAD Drivers/STM32F7xx_HAL_Driver/Src/stm32f7xx_hal_rng.o
LOAD Drivers/STM32F7xx_HAL_Driver/Src/stm32f7xx_hal_tim.o
LOAD Drivers/STM32F7xx_HAL_Driver/Src/stm32f7xx_hal_tim_ex.o
LOAD Src/ltdc.o
LOAD Src/main.o
LOAD Src/stm32f7xx_hal_msp.o
LOAD Src/stm32f7xx_it.o
LOAD Src/syscalls.o
LOAD Src/system_stm32f7xx.o
LOAD startup/startup_stm32f746xx.o
                0x0000000000000080                malloc_getpagesize_P = 0x80
START GROUP
LOAD /opt/Atollic_TrueSTUDIO_for_STM32_x86_64_9.3.0/ARMTools/bin/../lib/gcc/arm-atollic-eabi/6.3.1/../../../../arm-atollic-eabi/lib/armv7e-m/fpu/fpv5-sp-d16/libc_nano.a
LOAD /opt/Atollic_TrueSTUDIO_for_STM32_x86_64_9.3.0/ARMTools/bin/../lib/gcc/arm-atollic-eabi/6.3.1/../../../../arm-atollic-eabi/lib/armv7e-m/fpu/fpv5-sp-d16/libm.a
END GROUP
START GROUP
LOAD /opt/Atollic_TrueSTUDIO_for_STM32_x86_64_9.3.0/ARMTools/bin/../lib/gcc/arm-atollic-eabi/6.3.1/armv7e-m/fpu/fpv5-sp-d16/libgcc.a
LOAD /opt/Atollic_TrueSTUDIO_for_STM32_x86_64_9.3.0/ARMTools/bin/../lib/gcc/arm-atollic-eabi/6.3.1/../../../../arm-atollic-eabi/lib/armv7e-m/fpu/fpv5-sp-d16/libc_nano.a
END GROUP
START GROUP
LOAD /opt/Atollic_TrueSTUDIO_for_STM32_x86_64_9.3.0/ARMTools/bin/../lib/gcc/arm-atollic-eabi/6.3.1/armv7e-m/fpu/fpv5-sp-d16/libgcc.a
LOAD /opt/Atollic_TrueSTUDIO_for_STM32_x86_64_9.3.0/ARMTools/bin/../lib/gcc/arm-atollic-eabi/6.3.1/../../../../arm-atollic-eabi/lib/armv7e-m/fpu/fpv5-sp-d16/libc_nano.a
LOAD /opt/Atollic_TrueSTUDIO_for_STM32_x86_64_9.3.0/ARMTools/bin/../lib/gcc/arm-atollic-eabi/6.3.1/../../../../arm-atollic-eabi/lib/armv7e-m/fpu/fpv5-sp-d16/libnosys.a
END GROUP
START GROUP
LOAD /opt/Atollic_TrueSTUDIO_for_STM32_x86_64_9.3.0/ARMTools/bin/../lib/gcc/arm-atollic-eabi/6.3.1/armv7e-m/fpu/fpv5-sp-d16/libgcc.a
LOAD /opt/Atollic_TrueSTUDIO_for_STM32_x86_64_9.3.0/ARMTools/bin/../lib/gcc/arm-atollic-eabi/6.3.1/../../../../arm-atollic-eabi/lib/armv7e-m/fpu/fpv5-sp-d16/libc_nano.a
LOAD /opt/Atollic_TrueSTUDIO_for_STM32_x86_64_9.3.0/ARMTools/bin/../lib/gcc/arm-atollic-eabi/6.3.1/../../../../arm-atollic-eabi/lib/armv7e-m/fpu/fpv5-sp-d16/libnosys.a
END GROUP
LOAD /opt/Atollic_TrueSTUDIO_for_STM32_x86_64_9.3.0/ARMTools/bin/../lib/gcc/arm-atollic-eabi/6.3.1/armv7e-m/fpu/fpv5-sp-d16/crtend.o
LOAD /opt/Atollic_TrueSTUDIO_for_STM32_x86_64_9.3.0/ARMTools/bin/../lib/gcc/arm-atollic-eabi/6.3.1/armv7e-m/fpu/fpv5-sp-d16/crtn.o
                0x0000000020050000                _estack = 0x20050000
                0x0000000000002000                _Min_Heap_Size = 0x2000
                0x0000000000004000                _Min_Stack_Size = 0x4000

.isr_vector     0x0000000008000000      0x1c8
                0x0000000008000000                . = ALIGN (0x4)
 *(.isr_vector)
 .isr_vector    0x0000000008000000      0x1c8 startup/startup_stm32f746xx.o
                0x0000000008000000                g_pfnVectors
                0x00000000080001c8                . = ALIGN (0x4)

.text           0x00000000080001c8     0x19e8
                0x00000000080001c8                . = ALIGN (0x4)
 *(.text)
 .text          0x00000000080001c8       0x40 /opt/Atollic_TrueSTUDIO_for_STM32_x86_64_9.3.0/ARMTools/bin/../lib/gcc/arm-atollic-eabi/6.3.1/armv7e-m/fpu/fpv5-sp-d16/crtbegin.o
 .text          0x0000000008000208       0x30 /opt/Atollic_TrueSTUDIO_for_STM32_x86_64_9.3.0/ARMTools/bin/../lib/gcc/arm-atollic-eabi/6.3.1/armv7e-m/fpu/fpv5-sp-d16/libgcc.a(_aeabi_uldivmod.o)
                0x0000000008000208                __aeabi_uldivmod
 .text          0x0000000008000238      0x2dc /opt/Atollic_TrueSTUDIO_for_STM32_x86_64_9.3.0/ARMTools/bin/../lib/gcc/arm-atollic-eabi/6.3.1/armv7e-m/fpu/fpv5-sp-d16/libgcc.a(_udivmoddi4.o)
                0x0000000008000238                __udivmoddi4
 .text          0x0000000008000514        0x4 /opt/Atollic_TrueSTUDIO_for_STM32_x86_64_9.3.0/ARMTools/bin/../lib/gcc/arm-atollic-eabi/6.3.1/armv7e-m/fpu/fpv5-sp-d16/libgcc.a(_dvmd_tls.o)
                0x0000000008000514                __aeabi_ldiv0
                0x0000000008000514                __aeabi_idiv0
 *(.text*)
 .text.HAL_InitTick
                0x0000000008000518       0x48 Drivers/STM32F7xx_HAL_Driver/Src/stm32f7xx_hal.o
                0x0000000008000518                HAL_InitTick
 .text.HAL_Init
                0x0000000008000560       0x16 Drivers/STM32F7xx_HAL_Driver/Src/stm32f7xx_hal.o
                0x0000000008000560                HAL_Init
 *fill*         0x0000000008000576        0x2 
 .text.HAL_IncTick
                0x0000000008000578       0x18 Drivers/STM32F7xx_HAL_Driver/Src/stm32f7xx_hal.o
                0x0000000008000578                HAL_IncTick
 .text.HAL_GetTick
                0x0000000008000590        0xc Drivers/STM32F7xx_HAL_Driver/Src/stm32f7xx_hal.o
                0x0000000008000590                HAL_GetTick
 .text.HAL_NVIC_SetPriorityGrouping
                0x000000000800059c       0x24 Drivers/STM32F7xx_HAL_Driver/Src/stm32f7xx_hal_cortex.o
                0x000000000800059c                HAL_NVIC_SetPriorityGrouping
 .text.HAL_NVIC_SetPriority
                0x00000000080005c0       0x70 Drivers/STM32F7xx_HAL_Driver/Src/stm32f7xx_hal_cortex.o
                0x00000000080005c0                HAL_NVIC_SetPriority
 .text.HAL_SYSTICK_Config
                0x0000000008000630       0x2c Drivers/STM32F7xx_HAL_Driver/Src/stm32f7xx_hal_cortex.o
                0x0000000008000630                HAL_SYSTICK_Config
 .text.HAL_MPU_Disable
                0x000000000800065c       0x20 Drivers/STM32F7xx_HAL_Driver/Src/stm32f7xx_hal_cortex.o
                0x000000000800065c                HAL_MPU_Disable
 .text.HAL_MPU_Enable
                0x000000000800067c       0x24 Drivers/STM32F7xx_HAL_Driver/Src/stm32f7xx_hal_cortex.o
                0x000000000800067c                HAL_MPU_Enable
 .text.HAL_MPU_ConfigRegion
                0x00000000080006a0       0x50 Drivers/STM32F7xx_HAL_Driver/Src/stm32f7xx_hal_cortex.o
                0x00000000080006a0                HAL_MPU_ConfigRegion
 .text.HAL_GPIO_Init
                0x00000000080006f0      0x1d4 Drivers/STM32F7xx_HAL_Driver/Src/stm32f7xx_hal_gpio.o
                0x00000000080006f0                HAL_GPIO_Init
 .text.HAL_GPIO_WritePin
                0x00000000080008c4        0xa Drivers/STM32F7xx_HAL_Driver/Src/stm32f7xx_hal_gpio.o
                0x00000000080008c4                HAL_GPIO_WritePin
 .text.LTDC_SetConfig
                0x00000000080008ce      0x10c Drivers/STM32F7xx_HAL_Driver/Src/stm32f7xx_hal_ltdc.o
 *fill*         0x00000000080009da        0x2 
 .text.HAL_LTDC_Init
                0x00000000080009dc       0xd8 Drivers/STM32F7xx_HAL_Driver/Src/stm32f7xx_hal_ltdc.o
                0x00000000080009dc                HAL_LTDC_Init
 .text.HAL_LTDC_ConfigLayer
                0x0000000008000ab4       0x52 Drivers/STM32F7xx_HAL_Driver/Src/stm32f7xx_hal_ltdc.o
                0x0000000008000ab4                HAL_LTDC_ConfigLayer
 .text.HAL_LTDC_SetAddress
                0x0000000008000b06       0x40 Drivers/STM32F7xx_HAL_Driver/Src/stm32f7xx_hal_ltdc.o
                0x0000000008000b06                HAL_LTDC_SetAddress
 *fill*         0x0000000008000b46        0x2 
 .text.HAL_PWREx_EnableOverDrive
                0x0000000008000b48       0x70 Drivers/STM32F7xx_HAL_Driver/Src/stm32f7xx_hal_pwr_ex.o
                0x0000000008000b48                HAL_PWREx_EnableOverDrive
 .text.HAL_RCC_OscConfig
                0x0000000008000bb8      0x378 Drivers/STM32F7xx_HAL_Driver/Src/stm32f7xx_hal_rcc.o
                0x0000000008000bb8                HAL_RCC_OscConfig
 .text.HAL_RCC_GetSysClockFreq
                0x0000000008000f30       0x5c Drivers/STM32F7xx_HAL_Driver/Src/stm32f7xx_hal_rcc.o
                0x0000000008000f30                HAL_RCC_GetSysClockFreq
 .text.HAL_RCC_ClockConfig
                0x0000000008000f8c      0x140 Drivers/STM32F7xx_HAL_Driver/Src/stm32f7xx_hal_rcc.o
                0x0000000008000f8c                HAL_RCC_ClockConfig
 .text.HAL_RCCEx_PeriphCLKConfig
                0x00000000080010cc      0x514 Drivers/STM32F7xx_HAL_Driver/Src/stm32f7xx_hal_rcc_ex.o
                0x00000000080010cc                HAL_RCCEx_PeriphCLKConfig
 .text.HAL_RNG_Init
                0x00000000080015e0       0x30 Drivers/STM32F7xx_HAL_Driver/Src/stm32f7xx_hal_rng.o
                0x00000000080015e0                HAL_RNG_Init
 .text.TFT_FillScreen
                0x0000000008001610       0x20 Src/ltdc.o
                0x0000000008001610                TFT_FillScreen
 .text.SystemClock_Config
                0x0000000008001630       0xc4 Src/main.o
                0x0000000008001630                SystemClock_Config
 .text.startup.main
                0x00000000080016f4      0x280 Src/main.o
                0x00000000080016f4                main
 .text.HAL_MspInit
                0x0000000008001974       0x30 Src/stm32f7xx_hal_msp.o
                0x0000000008001974                HAL_MspInit
 .text.HAL_LTDC_MspInit
                0x00000000080019a4       0xec Src/stm32f7xx_hal_msp.o
                0x00000000080019a4                HAL_LTDC_MspInit
 .text.HAL_RNG_MspInit
                0x0000000008001a90       0x2c Src/stm32f7xx_hal_msp.o
                0x0000000008001a90                HAL_RNG_MspInit
 .text.NMI_Handler
                0x0000000008001abc        0x2 Src/stm32f7xx_it.o
                0x0000000008001abc                NMI_Handler
 .text.HardFault_Handler
                0x0000000008001abe        0x2 Src/stm32f7xx_it.o
                0x0000000008001abe                HardFault_Handler
 .text.MemManage_Handler
                0x0000000008001ac0        0x2 Src/stm32f7xx_it.o
                0x0000000008001ac0                MemManage_Handler
 .text.BusFault_Handler
                0x0000000008001ac2        0x2 Src/stm32f7xx_it.o
                0x0000000008001ac2                BusFault_Handler
 .text.UsageFault_Handler
                0x0000000008001ac4        0x2 Src/stm32f7xx_it.o
                0x0000000008001ac4                UsageFault_Handler
 .text.SVC_Handler
                0x0000000008001ac6        0x2 Src/stm32f7xx_it.o
                0x0000000008001ac6                SVC_Handler
 .text.DebugMon_Handler
                0x0000000008001ac8        0x2 Src/stm32f7xx_it.o
                0x0000000008001ac8                DebugMon_Handler
 .text.PendSV_Handler
                0x0000000008001aca        0x2 Src/stm32f7xx_it.o
                0x0000000008001aca                PendSV_Handler
 .text.SysTick_Handler
                0x0000000008001acc        0x4 Src/stm32f7xx_it.o
                0x0000000008001acc                SysTick_Handler
 .text.SystemInit
                0x0000000008001ad0       0x1c Src/system_stm32f7xx.o
                0x0000000008001ad0                SystemInit
 .text.Reset_Handler
                0x0000000008001aec       0x50 startup/startup_stm32f746xx.o
                0x0000000008001aec                Reset_Handler
 .text.Default_Handler
                0x0000000008001b3c        0x2 startup/startup_stm32f746xx.o
                0x0000000008001b3c                RTC_Alarm_IRQHandler
                0x0000000008001b3c                EXTI2_IRQHandler
                0x0000000008001b3c                TIM8_CC_IRQHandler
                0x0000000008001b3c                UART8_IRQHandler
                0x0000000008001b3c                SPI4_IRQHandler
                0x0000000008001b3c                TIM1_CC_IRQHandler
                0x0000000008001b3c                DMA2_Stream5_IRQHandler
                0x0000000008001b3c                DMA1_Stream5_IRQHandler
                0x0000000008001b3c                PVD_IRQHandler
                0x0000000008001b3c                TAMP_STAMP_IRQHandler
                0x0000000008001b3c                CAN2_RX1_IRQHandler
                0x0000000008001b3c                EXTI3_IRQHandler
                0x0000000008001b3c                TIM8_TRG_COM_TIM14_IRQHandler
                0x0000000008001b3c                TIM1_UP_TIM10_IRQHandler
                0x0000000008001b3c                TIM8_UP_TIM13_IRQHandler
                0x0000000008001b3c                I2C3_ER_IRQHandler
                0x0000000008001b3c                EXTI0_IRQHandler
                0x0000000008001b3c                I2C2_EV_IRQHandler
                0x0000000008001b3c                DMA1_Stream2_IRQHandler
                0x0000000008001b3c                CAN1_RX0_IRQHandler
                0x0000000008001b3c                FPU_IRQHandler
                0x0000000008001b3c                OTG_HS_WKUP_IRQHandler
                0x0000000008001b3c                LTDC_ER_IRQHandler
                0x0000000008001b3c                CAN2_SCE_IRQHandler
                0x0000000008001b3c                DMA2_Stream2_IRQHandler
                0x0000000008001b3c                SPI1_IRQHandler
                0x0000000008001b3c                TIM6_DAC_IRQHandler
                0x0000000008001b3c                TIM1_BRK_TIM9_IRQHandler
                0x0000000008001b3c                DCMI_IRQHandler
                0x0000000008001b3c                CAN2_RX0_IRQHandler
                0x0000000008001b3c                DMA2_Stream3_IRQHandler
                0x0000000008001b3c                SAI2_IRQHandler
                0x0000000008001b3c                USART6_IRQHandler
                0x0000000008001b3c                USART3_IRQHandler
                0x0000000008001b3c                CAN1_RX1_IRQHandler
                0x0000000008001b3c                UART5_IRQHandler
                0x0000000008001b3c                DMA2_Stream0_IRQHandler
                0x0000000008001b3c                TIM4_IRQHandler
                0x0000000008001b3c                QUADSPI_IRQHandler
                0x0000000008001b3c                I2C1_EV_IRQHandler
                0x0000000008001b3c                DMA1_Stream6_IRQHandler
                0x0000000008001b3c                DMA1_Stream1_IRQHandler
                0x0000000008001b3c                UART4_IRQHandler
                0x0000000008001b3c                TIM3_IRQHandler
                0x0000000008001b3c                RCC_IRQHandler
                0x0000000008001b3c                TIM8_BRK_TIM12_IRQHandler
                0x0000000008001b3c                Default_Handler
                0x0000000008001b3c                CEC_IRQHandler
                0x0000000008001b3c                EXTI15_10_IRQHandler
                0x0000000008001b3c                ADC_IRQHandler
                0x0000000008001b3c                DMA1_Stream7_IRQHandler
                0x0000000008001b3c                SPI5_IRQHandler
                0x0000000008001b3c                TIM7_IRQHandler
                0x0000000008001b3c                SDMMC1_IRQHandler
                0x0000000008001b3c                CAN2_TX_IRQHandler
                0x0000000008001b3c                TIM5_IRQHandler
                0x0000000008001b3c                DMA2_Stream7_IRQHandler
                0x0000000008001b3c                I2C3_EV_IRQHandler
                0x0000000008001b3c                EXTI9_5_IRQHandler
                0x0000000008001b3c                RTC_WKUP_IRQHandler
                0x0000000008001b3c                LTDC_IRQHandler
                0x0000000008001b3c                ETH_WKUP_IRQHandler
                0x0000000008001b3c                SPDIF_RX_IRQHandler
                0x0000000008001b3c                SPI2_IRQHandler
                0x0000000008001b3c                OTG_HS_EP1_IN_IRQHandler
                0x0000000008001b3c                DMA1_Stream0_IRQHandler
                0x0000000008001b3c                CAN1_TX_IRQHandler
                0x0000000008001b3c                EXTI4_IRQHandler
                0x0000000008001b3c                RNG_IRQHandler
                0x0000000008001b3c                ETH_IRQHandler
                0x0000000008001b3c                OTG_HS_EP1_OUT_IRQHandler
                0x0000000008001b3c                WWDG_IRQHandler
                0x0000000008001b3c                SPI6_IRQHandler
                0x0000000008001b3c                I2C4_EV_IRQHandler
                0x0000000008001b3c                TIM2_IRQHandler
                0x0000000008001b3c                OTG_FS_WKUP_IRQHandler
                0x0000000008001b3c                TIM1_TRG_COM_TIM11_IRQHandler
                0x0000000008001b3c                OTG_HS_IRQHandler
                0x0000000008001b3c                DMA2D_IRQHandler
                0x0000000008001b3c                EXTI1_IRQHandler
                0x0000000008001b3c                UART7_IRQHandler
                0x0000000008001b3c                USART2_IRQHandler
                0x0000000008001b3c                I2C2_ER_IRQHandler
                0x0000000008001b3c                DMA2_Stream1_IRQHandler
                0x0000000008001b3c                CAN1_SCE_IRQHandler
                0x0000000008001b3c                FLASH_IRQHandler
                0x0000000008001b3c                DMA2_Stream4_IRQHandler
                0x0000000008001b3c                USART1_IRQHandler
                0x0000000008001b3c                OTG_FS_IRQHandler
                0x0000000008001b3c                SPI3_IRQHandler
                0x0000000008001b3c                DMA1_Stream4_IRQHandler
                0x0000000008001b3c                I2C1_ER_IRQHandler
                0x0000000008001b3c                FMC_IRQHandler
                0x0000000008001b3c                LPTIM1_IRQHandler
                0x0000000008001b3c                I2C4_ER_IRQHandler
                0x0000000008001b3c                DMA2_Stream6_IRQHandler
                0x0000000008001b3c                SAI1_IRQHandler
                0x0000000008001b3c                DMA1_Stream3_IRQHandler
 *fill*         0x0000000008001b3e        0x2 
 .text.__libc_init_array
                0x0000000008001b40       0x48 /opt/Atollic_TrueSTUDIO_for_STM32_x86_64_9.3.0/ARMTools/bin/../lib/gcc/arm-atollic-eabi/6.3.1/../../../../arm-atollic-eabi/lib/armv7e-m/fpu/fpv5-sp-d16/libc_nano.a(lib_a-init.o)
                0x0000000008001b40                __libc_init_array
 .text.memset   0x0000000008001b88       0x10 /opt/Atollic_TrueSTUDIO_for_STM32_x86_64_9.3.0/ARMTools/bin/../lib/gcc/arm-atollic-eabi/6.3.1/../../../../arm-atollic-eabi/lib/armv7e-m/fpu/fpv5-sp-d16/libc_nano.a(lib_a-memset.o)
                0x0000000008001b88                memset
 *(.glue_7)
 .glue_7        0x0000000008001b98        0x0 linker stubs
 *(.glue_7t)
 .glue_7t       0x0000000008001b98        0x0 linker stubs
 *(.eh_frame)
 .eh_frame      0x0000000008001b98        0x0 /opt/Atollic_TrueSTUDIO_for_STM32_x86_64_9.3.0/ARMTools/bin/../lib/gcc/arm-atollic-eabi/6.3.1/armv7e-m/fpu/fpv5-sp-d16/crtbegin.o
 *(.init)
 .init          0x0000000008001b98        0x4 /opt/Atollic_TrueSTUDIO_for_STM32_x86_64_9.3.0/ARMTools/bin/../lib/gcc/arm-atollic-eabi/6.3.1/armv7e-m/fpu/fpv5-sp-d16/crti.o
                0x0000000008001b98                _init
 .init          0x0000000008001b9c        0x8 /opt/Atollic_TrueSTUDIO_for_STM32_x86_64_9.3.0/ARMTools/bin/../lib/gcc/arm-atollic-eabi/6.3.1/armv7e-m/fpu/fpv5-sp-d16/crtn.o
 *(.fini)
 .fini          0x0000000008001ba4        0x4 /opt/Atollic_TrueSTUDIO_for_STM32_x86_64_9.3.0/ARMTools/bin/../lib/gcc/arm-atollic-eabi/6.3.1/armv7e-m/fpu/fpv5-sp-d16/crti.o
                0x0000000008001ba4                _fini
 .fini          0x0000000008001ba8        0x8 /opt/Atollic_TrueSTUDIO_for_STM32_x86_64_9.3.0/ARMTools/bin/../lib/gcc/arm-atollic-eabi/6.3.1/armv7e-m/fpu/fpv5-sp-d16/crtn.o
                0x0000000008001bb0                . = ALIGN (0x4)
                0x0000000008001bb0                _etext = .

.vfp11_veneer   0x0000000008001bb0        0x0
 .vfp11_veneer  0x0000000008001bb0        0x0 linker stubs

.v4_bx          0x0000000008001bb0        0x0
 .v4_bx         0x0000000008001bb0        0x0 linker stubs

.iplt           0x0000000008001bb0        0x0
 .iplt          0x0000000008001bb0        0x0 /opt/Atollic_TrueSTUDIO_for_STM32_x86_64_9.3.0/ARMTools/bin/../lib/gcc/arm-atollic-eabi/6.3.1/armv7e-m/fpu/fpv5-sp-d16/crtbegin.o

.rodata         0x0000000008001bb0       0x10
                0x0000000008001bb0                . = ALIGN (0x4)
 *(.rodata)
 *(.rodata*)
 .rodata.AHBPrescTable
                0x0000000008001bb0       0x10 Src/system_stm32f7xx.o
                0x0000000008001bb0                AHBPrescTable
                0x0000000008001bc0                . = ALIGN (0x4)

.ARM.extab
 *(.ARM.extab* .gnu.linkonce.armextab.*)

.ARM            0x0000000008001bc0        0x8
                0x0000000008001bc0                __exidx_start = .
 *(.ARM.exidx*)
 .ARM.exidx     0x0000000008001bc0        0x8 /opt/Atollic_TrueSTUDIO_for_STM32_x86_64_9.3.0/ARMTools/bin/../lib/gcc/arm-atollic-eabi/6.3.1/armv7e-m/fpu/fpv5-sp-d16/libgcc.a(_udivmoddi4.o)
                0x0000000008001bc8                __exidx_end = .

.rel.dyn        0x0000000008001bc8        0x0
 .rel.iplt      0x0000000008001bc8        0x0 /opt/Atollic_TrueSTUDIO_for_STM32_x86_64_9.3.0/ARMTools/bin/../lib/gcc/arm-atollic-eabi/6.3.1/armv7e-m/fpu/fpv5-sp-d16/crtbegin.o

.preinit_array  0x0000000008001bc8        0x0
                0x0000000008001bc8                PROVIDE (__preinit_array_start, .)
 *(.preinit_array*)
                0x0000000008001bc8                PROVIDE (__preinit_array_end, .)

.init_array     0x0000000008001bc8        0x4
                0x0000000008001bc8                PROVIDE (__init_array_start, .)
 *(SORT(.init_array.*))
 *(.init_array*)
 .init_array    0x0000000008001bc8        0x4 /opt/Atollic_TrueSTUDIO_for_STM32_x86_64_9.3.0/ARMTools/bin/../lib/gcc/arm-atollic-eabi/6.3.1/armv7e-m/fpu/fpv5-sp-d16/crtbegin.o
                0x0000000008001bcc                PROVIDE (__init_array_end, .)

.fini_array     0x0000000008001bcc        0x4
                [!provide]                        PROVIDE (__fini_array_start, .)
 *(SORT(.fini_array.*))
 *(.fini_array*)
 .fini_array    0x0000000008001bcc        0x4 /opt/Atollic_TrueSTUDIO_for_STM32_x86_64_9.3.0/ARMTools/bin/../lib/gcc/arm-atollic-eabi/6.3.1/armv7e-m/fpu/fpv5-sp-d16/crtbegin.o
                [!provide]                        PROVIDE (__fini_array_end, .)
                0x0000000008001bd0                _sidata = LOADADDR (.data)

.data           0x0000000020000000        0xc load address 0x0000000008001bd0
                0x0000000020000000                . = ALIGN (0x4)
                0x0000000020000000                _sdata = .
 *(.data)
 *(.data*)
 .data.uwTickFreq
                0x0000000020000000        0x1 Drivers/STM32F7xx_HAL_Driver/Src/stm32f7xx_hal.o
                0x0000000020000000                uwTickFreq
 *fill*         0x0000000020000001        0x3 
 .data.uwTickPrio
                0x0000000020000004        0x4 Drivers/STM32F7xx_HAL_Driver/Src/stm32f7xx_hal.o
                0x0000000020000004                uwTickPrio
 .data.SystemCoreClock
                0x0000000020000008        0x4 Src/system_stm32f7xx.o
                0x0000000020000008                SystemCoreClock
                0x000000002000000c                . = ALIGN (0x4)
                0x000000002000000c                _edata = .

.igot.plt       0x000000002000000c        0x0 load address 0x0000000008001bdc
 .igot.plt      0x000000002000000c        0x0 /opt/Atollic_TrueSTUDIO_for_STM32_x86_64_9.3.0/ARMTools/bin/../lib/gcc/arm-atollic-eabi/6.3.1/armv7e-m/fpu/fpv5-sp-d16/crtbegin.o
                0x000000002000000c                . = ALIGN (0x4)

.bss            0x000000002000000c    0x3fcd8 load address 0x0000000008001bdc
                0x000000002000000c                _sbss = .
                0x000000002000000c                __bss_start__ = _sbss
 *(.bss)
 .bss           0x000000002000000c       0x1c /opt/Atollic_TrueSTUDIO_for_STM32_x86_64_9.3.0/ARMTools/bin/../lib/gcc/arm-atollic-eabi/6.3.1/armv7e-m/fpu/fpv5-sp-d16/crtbegin.o
 *(.bss*)
 .bss.RGB565_480x272
                0x0000000020000028    0x3fc00 Src/main.o
                0x0000000020000028                RGB565_480x272
 *(COMMON)
 COMMON         0x000000002003fc28        0x4 Drivers/STM32F7xx_HAL_Driver/Src/stm32f7xx_hal.o
                0x000000002003fc28                uwTick
 COMMON         0x000000002003fc2c       0xb8 Src/main.o
                0x000000002003fc2c                hltdc
                0x000000002003fcd4                hrng
                0x000000002003fce4                . = ALIGN (0x4)
                0x000000002003fce4                _ebss = .
                0x000000002003fce4                __bss_end__ = _ebss

._user_heap_stack
                0x000000002003fce4     0x6000 load address 0x0000000008001bdc
                0x000000002003fce4                . = ALIGN (0x4)
                0x000000002003fce4                PROVIDE (end, .)
                [!provide]                        PROVIDE (_end, .)
                0x0000000020041ce4                . = (. + _Min_Heap_Size)
 *fill*         0x000000002003fce4     0x2000 
                0x0000000020045ce4                . = (. + _Min_Stack_Size)
 *fill*         0x0000000020041ce4     0x4000 
                0x0000000020045ce4                . = ALIGN (0x4)

/DISCARD/
 libc.a(*)
 libm.a(*)
 libgcc.a(*)

.ARM.attributes
                0x0000000000000000       0x30
 *(.ARM.attributes)
 .ARM.attributes
                0x0000000000000000       0x22 /opt/Atollic_TrueSTUDIO_for_STM32_x86_64_9.3.0/ARMTools/bin/../lib/gcc/arm-atollic-eabi/6.3.1/armv7e-m/fpu/fpv5-sp-d16/crti.o
 .ARM.attributes
                0x0000000000000022       0x34 /opt/Atollic_TrueSTUDIO_for_STM32_x86_64_9.3.0/ARMTools/bin/../lib/gcc/arm-atollic-eabi/6.3.1/armv7e-m/fpu/fpv5-sp-d16/crtbegin.o
 .ARM.attributes
                0x0000000000000056       0x39 Drivers/STM32F7xx_HAL_Driver/Src/stm32f7xx_hal.o
 .ARM.attributes
                0x000000000000008f       0x39 Drivers/STM32F7xx_HAL_Driver/Src/stm32f7xx_hal_cortex.o
 .ARM.attributes
                0x00000000000000c8       0x39 Drivers/STM32F7xx_HAL_Driver/Src/stm32f7xx_hal_gpio.o
 .ARM.attributes
                0x0000000000000101       0x39 Drivers/STM32F7xx_HAL_Driver/Src/stm32f7xx_hal_ltdc.o
 .ARM.attributes
                0x000000000000013a       0x39 Drivers/STM32F7xx_HAL_Driver/Src/stm32f7xx_hal_pwr_ex.o
 .ARM.attributes
                0x0000000000000173       0x39 Drivers/STM32F7xx_HAL_Driver/Src/stm32f7xx_hal_rcc.o
 .ARM.attributes
                0x00000000000001ac       0x39 Drivers/STM32F7xx_HAL_Driver/Src/stm32f7xx_hal_rcc_ex.o
 .ARM.attributes
                0x00000000000001e5       0x39 Drivers/STM32F7xx_HAL_Driver/Src/stm32f7xx_hal_rng.o
 .ARM.attributes
                0x000000000000021e       0x39 Src/ltdc.o
 .ARM.attributes
                0x0000000000000257       0x39 Src/main.o
 .ARM.attributes
                0x0000000000000290       0x39 Src/stm32f7xx_hal_msp.o
 .ARM.attributes
                0x00000000000002c9       0x39 Src/stm32f7xx_it.o
 .ARM.attributes
                0x0000000000000302       0x39 Src/system_stm32f7xx.o
 .ARM.attributes
                0x000000000000033b       0x21 startup/startup_stm32f746xx.o
 .ARM.attributes
                0x000000000000035c       0x34 /opt/Atollic_TrueSTUDIO_for_STM32_x86_64_9.3.0/ARMTools/bin/../lib/gcc/arm-atollic-eabi/6.3.1/../../../../arm-atollic-eabi/lib/armv7e-m/fpu/fpv5-sp-d16/libc_nano.a(lib_a-init.o)
 .ARM.attributes
                0x0000000000000390       0x34 /opt/Atollic_TrueSTUDIO_for_STM32_x86_64_9.3.0/ARMTools/bin/../lib/gcc/arm-atollic-eabi/6.3.1/../../../../arm-atollic-eabi/lib/armv7e-m/fpu/fpv5-sp-d16/libc_nano.a(lib_a-memset.o)
 .ARM.attributes
                0x00000000000003c4       0x22 /opt/Atollic_TrueSTUDIO_for_STM32_x86_64_9.3.0/ARMTools/bin/../lib/gcc/arm-atollic-eabi/6.3.1/armv7e-m/fpu/fpv5-sp-d16/libgcc.a(_aeabi_uldivmod.o)
 .ARM.attributes
                0x00000000000003e6       0x34 /opt/Atollic_TrueSTUDIO_for_STM32_x86_64_9.3.0/ARMTools/bin/../lib/gcc/arm-atollic-eabi/6.3.1/armv7e-m/fpu/fpv5-sp-d16/libgcc.a(_udivmoddi4.o)
 .ARM.attributes
                0x000000000000041a       0x22 /opt/Atollic_TrueSTUDIO_for_STM32_x86_64_9.3.0/ARMTools/bin/../lib/gcc/arm-atollic-eabi/6.3.1/armv7e-m/fpu/fpv5-sp-d16/libgcc.a(_dvmd_tls.o)
 .ARM.attributes
                0x000000000000043c       0x22 /opt/Atollic_TrueSTUDIO_for_STM32_x86_64_9.3.0/ARMTools/bin/../lib/gcc/arm-atollic-eabi/6.3.1/armv7e-m/fpu/fpv5-sp-d16/crtn.o
OUTPUT(F746G.elf elf32-littlearm)

.debug_info     0x0000000000000000     0x9da3
 .debug_info    0x0000000000000000      0xaa3 Drivers/STM32F7xx_HAL_Driver/Src/stm32f7xx_hal.o
 .debug_info    0x0000000000000aa3     0x11ac Drivers/STM32F7xx_HAL_Driver/Src/stm32f7xx_hal_cortex.o
 .debug_info    0x0000000000001c4f      0x7ed Drivers/STM32F7xx_HAL_Driver/Src/stm32f7xx_hal_gpio.o
 .debug_info    0x000000000000243c     0x134e Drivers/STM32F7xx_HAL_Driver/Src/stm32f7xx_hal_ltdc.o
 .debug_info    0x000000000000378a      0xa38 Drivers/STM32F7xx_HAL_Driver/Src/stm32f7xx_hal_pwr_ex.o
 .debug_info    0x00000000000041c2      0xb51 Drivers/STM32F7xx_HAL_Driver/Src/stm32f7xx_hal_rcc.o
 .debug_info    0x0000000000004d13      0x8a5 Drivers/STM32F7xx_HAL_Driver/Src/stm32f7xx_hal_rcc_ex.o
 .debug_info    0x00000000000055b8      0x61a Drivers/STM32F7xx_HAL_Driver/Src/stm32f7xx_hal_rng.o
 .debug_info    0x0000000000005bd2      0xd93 Src/ltdc.o
 .debug_info    0x0000000000006965     0x1f2e Src/main.o
 .debug_info    0x0000000000008893      0xb3c Src/stm32f7xx_hal_msp.o
 .debug_info    0x00000000000093cf      0x20d Src/stm32f7xx_it.o
 .debug_info    0x00000000000095dc      0x744 Src/system_stm32f7xx.o
 .debug_info    0x0000000000009d20       0x83 startup/startup_stm32f746xx.o

.debug_abbrev   0x0000000000000000     0x1b69
 .debug_abbrev  0x0000000000000000      0x239 Drivers/STM32F7xx_HAL_Driver/Src/stm32f7xx_hal.o
 .debug_abbrev  0x0000000000000239      0x314 Drivers/STM32F7xx_HAL_Driver/Src/stm32f7xx_hal_cortex.o
 .debug_abbrev  0x000000000000054d      0x1ef Drivers/STM32F7xx_HAL_Driver/Src/stm32f7xx_hal_gpio.o
 .debug_abbrev  0x000000000000073c      0x25c Drivers/STM32F7xx_HAL_Driver/Src/stm32f7xx_hal_ltdc.o
 .debug_abbrev  0x0000000000000998      0x1c4 Drivers/STM32F7xx_HAL_Driver/Src/stm32f7xx_hal_pwr_ex.o
 .debug_abbrev  0x0000000000000b5c      0x297 Drivers/STM32F7xx_HAL_Driver/Src/stm32f7xx_hal_rcc.o
 .debug_abbrev  0x0000000000000df3      0x1c8 Drivers/STM32F7xx_HAL_Driver/Src/stm32f7xx_hal_rcc_ex.o
 .debug_abbrev  0x0000000000000fbb      0x24f Drivers/STM32F7xx_HAL_Driver/Src/stm32f7xx_hal_rng.o
 .debug_abbrev  0x000000000000120a      0x1d3 Src/ltdc.o
 .debug_abbrev  0x00000000000013dd      0x34c Src/main.o
 .debug_abbrev  0x0000000000001729      0x1da Src/stm32f7xx_hal_msp.o
 .debug_abbrev  0x0000000000001903      0x112 Src/stm32f7xx_it.o
 .debug_abbrev  0x0000000000001a15      0x142 Src/system_stm32f7xx.o
 .debug_abbrev  0x0000000000001b57       0x12 startup/startup_stm32f746xx.o

.debug_loc      0x0000000000000000     0x2c05
 .debug_loc     0x0000000000000000      0x12e Drivers/STM32F7xx_HAL_Driver/Src/stm32f7xx_hal.o
 .debug_loc     0x000000000000012e      0x57e Drivers/STM32F7xx_HAL_Driver/Src/stm32f7xx_hal_cortex.o
 .debug_loc     0x00000000000006ac      0x363 Drivers/STM32F7xx_HAL_Driver/Src/stm32f7xx_hal_gpio.o
 .debug_loc     0x0000000000000a0f     0x1191 Drivers/STM32F7xx_HAL_Driver/Src/stm32f7xx_hal_ltdc.o
 .debug_loc     0x0000000000001ba0      0x1c2 Drivers/STM32F7xx_HAL_Driver/Src/stm32f7xx_hal_pwr_ex.o
 .debug_loc     0x0000000000001d62      0x404 Drivers/STM32F7xx_HAL_Driver/Src/stm32f7xx_hal_rcc.o
 .debug_loc     0x0000000000002166      0x5d1 Drivers/STM32F7xx_HAL_Driver/Src/stm32f7xx_hal_rcc_ex.o
 .debug_loc     0x0000000000002737      0x2d9 Drivers/STM32F7xx_HAL_Driver/Src/stm32f7xx_hal_rng.o
 .debug_loc     0x0000000000002a10       0x40 Src/ltdc.o
 .debug_loc     0x0000000000002a50       0x41 Src/main.o
 .debug_loc     0x0000000000002a91       0x58 Src/stm32f7xx_hal_msp.o
 .debug_loc     0x0000000000002ae9      0x11c Src/system_stm32f7xx.o

.debug_aranges  0x0000000000000000      0x628
 .debug_aranges
                0x0000000000000000       0xf8 Drivers/STM32F7xx_HAL_Driver/Src/stm32f7xx_hal.o
 .debug_aranges
                0x00000000000000f8       0xa8 Drivers/STM32F7xx_HAL_Driver/Src/stm32f7xx_hal_cortex.o
 .debug_aranges
                0x00000000000001a0       0x58 Drivers/STM32F7xx_HAL_Driver/Src/stm32f7xx_hal_gpio.o
 .debug_aranges
                0x00000000000001f8      0x138 Drivers/STM32F7xx_HAL_Driver/Src/stm32f7xx_hal_ltdc.o
 .debug_aranges
                0x0000000000000330       0x80 Drivers/STM32F7xx_HAL_Driver/Src/stm32f7xx_hal_pwr_ex.o
 .debug_aranges
                0x00000000000003b0       0x88 Drivers/STM32F7xx_HAL_Driver/Src/stm32f7xx_hal_rcc.o
 .debug_aranges
                0x0000000000000438       0x50 Drivers/STM32F7xx_HAL_Driver/Src/stm32f7xx_hal_rcc_ex.o
 .debug_aranges
                0x0000000000000488       0x78 Drivers/STM32F7xx_HAL_Driver/Src/stm32f7xx_hal_rng.o
 .debug_aranges
                0x0000000000000500       0x20 Src/ltdc.o
 .debug_aranges
                0x0000000000000520       0x30 Src/main.o
 .debug_aranges
                0x0000000000000550       0x40 Src/stm32f7xx_hal_msp.o
 .debug_aranges
                0x0000000000000590       0x48 Src/stm32f7xx_it.o
 .debug_aranges
                0x00000000000005d8       0x28 Src/system_stm32f7xx.o
 .debug_aranges
                0x0000000000000600       0x28 startup/startup_stm32f746xx.o

.debug_ranges   0x0000000000000000      0x7e8
 .debug_ranges  0x0000000000000000       0xe8 Drivers/STM32F7xx_HAL_Driver/Src/stm32f7xx_hal.o
 .debug_ranges  0x00000000000000e8      0x138 Drivers/STM32F7xx_HAL_Driver/Src/stm32f7xx_hal_cortex.o
 .debug_ranges  0x0000000000000220       0x70 Drivers/STM32F7xx_HAL_Driver/Src/stm32f7xx_hal_gpio.o
 .debug_ranges  0x0000000000000290      0x128 Drivers/STM32F7xx_HAL_Driver/Src/stm32f7xx_hal_ltdc.o
 .debug_ranges  0x00000000000003b8       0xe8 Drivers/STM32F7xx_HAL_Driver/Src/stm32f7xx_hal_pwr_ex.o
 .debug_ranges  0x00000000000004a0       0xd8 Drivers/STM32F7xx_HAL_Driver/Src/stm32f7xx_hal_rcc.o
 .debug_ranges  0x0000000000000578       0x58 Drivers/STM32F7xx_HAL_Driver/Src/stm32f7xx_hal_rcc_ex.o
 .debug_ranges  0x00000000000005d0       0x68 Drivers/STM32F7xx_HAL_Driver/Src/stm32f7xx_hal_rng.o
 .debug_ranges  0x0000000000000638       0x10 Src/ltdc.o
 .debug_ranges  0x0000000000000648       0xa8 Src/main.o
 .debug_ranges  0x00000000000006f0       0x88 Src/stm32f7xx_hal_msp.o
 .debug_ranges  0x0000000000000778       0x38 Src/stm32f7xx_it.o
 .debug_ranges  0x00000000000007b0       0x18 Src/system_stm32f7xx.o
 .debug_ranges  0x00000000000007c8       0x20 startup/startup_stm32f746xx.o

.debug_line     0x0000000000000000     0x3950
 .debug_line    0x0000000000000000      0x418 Drivers/STM32F7xx_HAL_Driver/Src/stm32f7xx_hal.o
 .debug_line    0x0000000000000418      0x45d Drivers/STM32F7xx_HAL_Driver/Src/stm32f7xx_hal_cortex.o
 .debug_line    0x0000000000000875      0x40b Drivers/STM32F7xx_HAL_Driver/Src/stm32f7xx_hal_gpio.o
 .debug_line    0x0000000000000c80      0xca4 Drivers/STM32F7xx_HAL_Driver/Src/stm32f7xx_hal_ltdc.o
 .debug_line    0x0000000000001924      0x375 Drivers/STM32F7xx_HAL_Driver/Src/stm32f7xx_hal_pwr_ex.o
 .debug_line    0x0000000000001c99      0x5a4 Drivers/STM32F7xx_HAL_Driver/Src/stm32f7xx_hal_rcc.o
 .debug_line    0x000000000000223d      0x448 Drivers/STM32F7xx_HAL_Driver/Src/stm32f7xx_hal_rcc_ex.o
 .debug_line    0x0000000000002685      0x3ac Drivers/STM32F7xx_HAL_Driver/Src/stm32f7xx_hal_rng.o
 .debug_line    0x0000000000002a31      0x2ec Src/ltdc.o
 .debug_line    0x0000000000002d1d      0x4ec Src/main.o
 .debug_line    0x0000000000003209      0x2ce Src/stm32f7xx_hal_msp.o
 .debug_line    0x00000000000034d7      0x207 Src/stm32f7xx_it.o
 .debug_line    0x00000000000036de      0x1f4 Src/system_stm32f7xx.o
 .debug_line    0x00000000000038d2       0x7e startup/startup_stm32f746xx.o

.debug_str      0x0000000000000000     0x2bd9
 .debug_str     0x0000000000000000      0xc69 Drivers/STM32F7xx_HAL_Driver/Src/stm32f7xx_hal.o
                                        0xccd (size before relaxing)
 .debug_str     0x0000000000000c69      0x571 Drivers/STM32F7xx_HAL_Driver/Src/stm32f7xx_hal_cortex.o
                                        0xe8f (size before relaxing)
 .debug_str     0x00000000000011da      0x1b2 Drivers/STM32F7xx_HAL_Driver/Src/stm32f7xx_hal_gpio.o
                                        0x5ef (size before relaxing)
 .debug_str     0x000000000000138c      0x77c Drivers/STM32F7xx_HAL_Driver/Src/stm32f7xx_hal_ltdc.o
                                        0xaa4 (size before relaxing)
 .debug_str     0x0000000000001b08      0x20e Drivers/STM32F7xx_HAL_Driver/Src/stm32f7xx_hal_pwr_ex.o
                                        0x73e (size before relaxing)
 .debug_str     0x0000000000001d16      0x30b Drivers/STM32F7xx_HAL_Driver/Src/stm32f7xx_hal_rcc.o
                                        0x7c8 (size before relaxing)
 .debug_str     0x0000000000002021      0x3b7 Drivers/STM32F7xx_HAL_Driver/Src/stm32f7xx_hal_rcc_ex.o
                                        0x7e7 (size before relaxing)
 .debug_str     0x00000000000023d8      0x21f Drivers/STM32F7xx_HAL_Driver/Src/stm32f7xx_hal_rng.o
                                        0x55d (size before relaxing)
 .debug_str     0x00000000000025f7      0x41a Src/ltdc.o
                                        0x9cb (size before relaxing)
 .debug_str     0x0000000000002a11       0xc2 Src/main.o
                                       0x1316 (size before relaxing)
 .debug_str     0x0000000000002ad3       0x1b Src/stm32f7xx_hal_msp.o
                                        0x80f (size before relaxing)
 .debug_str     0x0000000000002aee       0xa6 Src/stm32f7xx_it.o
                                        0x342 (size before relaxing)
 .debug_str     0x0000000000002b94       0x45 Src/system_stm32f7xx.o
                                        0x51c (size before relaxing)

.comment        0x0000000000000000       0x7c
 .comment       0x0000000000000000       0x7c Drivers/STM32F7xx_HAL_Driver/Src/stm32f7xx_hal.o
                                         0x7d (size before relaxing)
 .comment       0x000000000000007c       0x7d Drivers/STM32F7xx_HAL_Driver/Src/stm32f7xx_hal_cortex.o
 .comment       0x000000000000007c       0x7d Drivers/STM32F7xx_HAL_Driver/Src/stm32f7xx_hal_gpio.o
 .comment       0x000000000000007c       0x7d Drivers/STM32F7xx_HAL_Driver/Src/stm32f7xx_hal_ltdc.o
 .comment       0x000000000000007c       0x7d Drivers/STM32F7xx_HAL_Driver/Src/stm32f7xx_hal_pwr_ex.o
 .comment       0x000000000000007c       0x7d Drivers/STM32F7xx_HAL_Driver/Src/stm32f7xx_hal_rcc.o
 .comment       0x000000000000007c       0x7d Drivers/STM32F7xx_HAL_Driver/Src/stm32f7xx_hal_rcc_ex.o
 .comment       0x000000000000007c       0x7d Drivers/STM32F7xx_HAL_Driver/Src/stm32f7xx_hal_rng.o
 .comment       0x000000000000007c       0x7d Src/ltdc.o
 .comment       0x000000000000007c       0x7d Src/main.o
 .comment       0x000000000000007c       0x7d Src/stm32f7xx_hal_msp.o
 .comment       0x000000000000007c       0x7d Src/stm32f7xx_it.o
 .comment       0x000000000000007c       0x7d Src/system_stm32f7xx.o

.debug_frame    0x0000000000000000      0xef4
 .debug_frame   0x0000000000000000      0x214 Drivers/STM32F7xx_HAL_Driver/Src/stm32f7xx_hal.o
 .debug_frame   0x0000000000000214      0x158 Drivers/STM32F7xx_HAL_Driver/Src/stm32f7xx_hal_cortex.o
 .debug_frame   0x000000000000036c       0xd8 Drivers/STM32F7xx_HAL_Driver/Src/stm32f7xx_hal_gpio.o
 .debug_frame   0x0000000000000444      0x39c Drivers/STM32F7xx_HAL_Driver/Src/stm32f7xx_hal_ltdc.o
 .debug_frame   0x00000000000007e0      0x13c Drivers/STM32F7xx_HAL_Driver/Src/stm32f7xx_hal_pwr_ex.o
 .debug_frame   0x000000000000091c      0x148 Drivers/STM32F7xx_HAL_Driver/Src/stm32f7xx_hal_rcc.o
 .debug_frame   0x0000000000000a64       0xcc Drivers/STM32F7xx_HAL_Driver/Src/stm32f7xx_hal_rcc_ex.o
 .debug_frame   0x0000000000000b30      0x120 Drivers/STM32F7xx_HAL_Driver/Src/stm32f7xx_hal_rng.o
 .debug_frame   0x0000000000000c50       0x20 Src/ltdc.o
 .debug_frame   0x0000000000000c70       0x6c Src/main.o
 .debug_frame   0x0000000000000cdc       0x94 Src/stm32f7xx_hal_msp.o
 .debug_frame   0x0000000000000d70       0xa0 Src/stm32f7xx_it.o
 .debug_frame   0x0000000000000e10       0x38 Src/system_stm32f7xx.o
 .debug_frame   0x0000000000000e48       0x2c /opt/Atollic_TrueSTUDIO_for_STM32_x86_64_9.3.0/ARMTools/bin/../lib/gcc/arm-atollic-eabi/6.3.1/../../../../arm-atollic-eabi/lib/armv7e-m/fpu/fpv5-sp-d16/libc_nano.a(lib_a-init.o)
 .debug_frame   0x0000000000000e74       0x20 /opt/Atollic_TrueSTUDIO_for_STM32_x86_64_9.3.0/ARMTools/bin/../lib/gcc/arm-atollic-eabi/6.3.1/../../../../arm-atollic-eabi/lib/armv7e-m/fpu/fpv5-sp-d16/libc_nano.a(lib_a-memset.o)
 .debug_frame   0x0000000000000e94       0x2c /opt/Atollic_TrueSTUDIO_for_STM32_x86_64_9.3.0/ARMTools/bin/../lib/gcc/arm-atollic-eabi/6.3.1/armv7e-m/fpu/fpv5-sp-d16/libgcc.a(_aeabi_uldivmod.o)
 .debug_frame   0x0000000000000ec0       0x34 /opt/Atollic_TrueSTUDIO_for_STM32_x86_64_9.3.0/ARMTools/bin/../lib/gcc/arm-atollic-eabi/6.3.1/armv7e-m/fpu/fpv5-sp-d16/libgcc.a(_udivmoddi4.o)
